FAILED: Cannot find descriptor generator of type some-unknown-descriptor
