FAILED: cannot set --padding argument when either --padding-bottom or --padding-right is given
