FAILED: Cannot compose non-svg sprite sprite2.jpg  of type image/jpeg
