FAILED: Cannot generate output image with mime type application/octet-stream
