FAILED: Cannot generate output image with mime type image/jpeg
