FAILED: GMCompositor cannot process sprites with mimeType image/svg+xml: sprite1.svg
